[1m============================= test session starts ==============================[0m
platform linux -- Python 3.13.13, pytest-9.1.1, pluggy-1.6.0
rootdir: /home/nyix/projects/Archipelago
configfile: pytest.ini
plugins: typeguard-4.5.2
collected 0 items

[33m============================ [33mno tests ran[0m[33m in 0.12s[0m[33m =============================[0m
